// Jest Snapshot v1, https://goo.gl/fbAQLP

exports[`Constants characterization: endpoint + route-name inventory golden file: API endpoint paths (drift here breaks backend contract) 1`] = `
{
  "add_address": "/client/addresses",
  "add_device_notification": "/client/notifications/device",
  "apple_login": "",
  "base": "https://akai-api.cjs.vn",
  "booking_detail": "/booking/detail",
  "booking_get": "/booking/get",
  "cancel_flexible_plan": "/subscription-plan/cancel-flexible",
  "cancel_order": "/orders/cancel",
  "cancel_subscription": "/client/subscriptions",
  "change_password": "/client/user/password",
  "charges": "/charges",
  "chargescard": "/charges-card",
  "chargesplan": "/charges-plan",
  "check_otp": "",
  "config_point": "/config-point/get",
  "config_price": "/config-price/get",
  "config_price_subscription": "/config-price/subscription-prices",
  "config_subscription_prices": "/config-price/subscription-prices",
  "configuration_district": "/configuration/district",
  "configuration_province": "/configuration/province",
  "country": "/country",
  "delete_address": "/client/addresses",
  "delete_favourite_service": "/favourite/services-delete",
  "delete_favourite_service_provider": "/favourite/services-provider-delete",
  "delete_notification": "/client/notifications",
  "detail_booking": "/client/jobs",
  "dev": "http://api-mobile-akaiunsan.dev.ncs.int",
  "downgrade_flexible_plan": "/subscription-plan/downgrade-flexible",
  "edit_address": "/client/addresses",
  "edit_profile": "/client/user",
  "forgot_password": "/auth/forget-password",
  "get_agree_plan": "/subscription-plan/get-agree",
  "get_banner": "/banner/get-banner",
  "get_booking": "/client/jobs",
  "get_current_fixplan": "/orders/curent-fixplan",
  "get_current_plan": "/subscription-plan/get-current-plan",
  "get_frequent_activity": "/favourite/services",
  "get_notification": "/client/notifications",
  "get_notification_detail": "/client/notifications",
  "get_payment": "/payment-method/get",
  "get_plan": "/client/subscriptions",
  "get_profile": "/client/user",
  "get_promotion": "/promotion/get-promotion",
  "get_subscription": "/client/subscriptions",
  "google_login": "/auth/google",
  "languages": "/languages",
  "line_login": "",
  "list_address": "/client/addresses",
  "list_favourite_service": "/favourite/services",
  "list_favourite_service_provider": "/favourite/service-providers",
  "login": "/auth/signin",
  "order_cancel_fix_plan": "/orders/cancel-fix-plan",
  "order_fix_plan_elder": "/orders/fix-plan-elder-service",
  "order_fix_plan_maid": "/orders/fix-plan-maid-service",
  "order_fix_plan_nanny": "/orders/fix-plan-nanny-service",
  "order_fix_plan_petcare": "/orders/fix-plan-pet-care-service",
  "order_flexible_plan": "/subscription-plan/order-flexible",
  "orders_ac_cleaning": "/orders/ac-cleaning",
  "orders_cancel": "/orders/cancel",
  "orders_edit": "/booking/detail/edit",
  "orders_elder": "/orders/elder",
  "orders_maid": "/orders/maid-service",
  "orders_nany": "/orders/nany",
  "orders_petcare": "/orders/petcare",
  "payment_card_add": "/client/credit-cards",
  "payment_card_default": "/client/credit-cards",
  "payment_card_delete": "/client/credit-cards",
  "payment_card_list": "/client/credit-cards",
  "payment_petcare": "/payment/petcare",
  "price_special_request": "/config-price/price-special-request",
  "promotion_apply": "/promotion/apply",
  "promotion_detail": "/promotion/detail",
  "promotion_updates": "/promotion/promotion-updates",
  "promotion_used": "/promotion/get-promotion-used",
  "read_all_notification": "/client/notifications",
  "referral_list": "/referral/referral-list",
  "register": "/auth/signup",
  "remove_account": "",
  "reset_password": "/auth/reset-password",
  "review_order": "/orders/review",
  "services_helper_fixplan": "/services-management/helper-fix-plan",
  "services_management": "/services-management",
  "services_management_helper": "/services-management/helpers",
  "services_management_helper_suggest": "/services-management/suggest",
  "services_management_item": "/services-management/service-item",
  "services_suggest_fixplan": "/services-management/suggest-fixplan",
  "special_request": "/special-request/create",
  "stg": "https://api-mobile-akaiunsan.stg.nichietsuvn.com",
  "toggle_renew_fix": "/subscription-plan/toggle-renew-fix",
  "toggle_renew_flexible": "/subscription-plan/toggle-renew-flexible",
  "update_favourite_service": "/favourite/services-update",
  "update_favourite_service_provider": "/favourite/services-provider-update",
  "update_language": "/client/user/language",
  "upgrade_flexible_plan": "/subscription-plan/upgrade-flexible",
  "upload_image": "/uploads/image",
}
`;

exports[`Constants characterization: endpoint + route-name inventory golden file: SCREENS route names (drift here breaks navigation) 1`] = `
{
  "ADDRESS": {
    "ADDRESS": "Address",
    "PICK_ADDRESS": "Address/Pick",
  },
  "AUTH": {
    "FORGOT_PASSWORD": "Auth/ForgotPassword",
    "LOGIN": "Auth/Login",
    "SIGNUP": "Auth/Signup",
  },
  "BOOKING": {
    "CALENDAR": "Booking/Calendar",
    "DETAIL": "Booking/BookingDetail",
    "DETAIL_HISTORY": "Booking/DetailHistory",
  },
  "FAVOURITE": {
    "MENU": "Favourite",
    "SERVICE": "Favourite/Service",
    "SERVICE_PROVIDER": "Favourite/ServiceProvider",
  },
  "HISTORY": {
    "DETAIL": "History/Detail",
    "LIST_HISTORY": "History/List",
  },
  "MAIN": {
    "ACCOUNT": "Account",
    "BOOKING": "Booking",
    "BOTTOM_BAR": "Main/BottomBar",
    "HOME": "Home",
    "INBOX": "Inbox",
  },
  "MYBOOKING": {
    "DETAIL_MYBOOKING": "MyBooking/Detail",
    "LIST": "MyBooking/List",
  },
  "OTHER": {
    "ABOUT_US": "AboutUs",
    "ABOUT_US_VIEW": "AboutUs/View",
    "ADDRESS_FIX_PLAN": "FixPlan/PickAddress",
    "ADD_FIX_PLAN": "FixPlan/AddFixPlan",
    "AGREE_FEXIBLE_PLAN": "FexiblePlan/Agree",
    "DETAIL_FEXIBLE_PLAN": "FexiblePlan/Detail",
    "EditProfile": "EditProfile",
    "INBOXDETAIL": "InboxDetail",
    "LIST_FEXIBLE_PLAN": "FexiblePlan/ListPlan",
    "PAYMENT_PETCARE": "PaymentPetcare",
    "PREFERTOFRIEND": "PreferToFriend",
    "UPGRADE_FEXIBLE_PLAN": "FexiblePlan/Upgrade",
  },
  "PAYMENT": {
    "LIST": "Payment/List",
  },
  "PROMOTIOM": {
    "DETAIL": "Promotion/Detail",
    "LIST_PROMOTION": "Promotion/List",
  },
  "SERVICE": {
    "AllService": "AllService",
    "EDITANDREORDERANDEDITSERVICE": "EditAndReOrderAndEditService",
    "SERVICE": "Service",
  },
  "SUBSCRIPTION": {
    "AllSubscriptionPlan": "AllSubscriptionPlan",
    "DETAIL": "Subscription/Detail",
  },
}
`;
