// Jest Snapshot v1, https://goo.gl/fbAQLP

exports[`i18n characterization: en/th key parity golden file: en key inventory 1`] = `
[
  "ABOUT_US",
  "ADDRESS",
  "Account",
  "All",
  "Are_you_sure",
  "Booking",
  "Cancel",
  "CleaningService",
  "Completed",
  "ElderService",
  "FAVOURITE",
  "Female",
  "Friday",
  "HISTORY",
  "Home",
  "Inbox",
  "MY_BOOKING",
  "MaidService",
  "Male",
  "Match",
  "Miss",
  "Monday",
  "NanyService",
  "Not_yet",
  "On_Process",
  "Other",
  "PAYMENT",
  "PROMOTIONS",
  "Pending",
  "PetcareService",
  "REFER_TO_FRIEND",
  "REMOVE_ACCOUNT",
  "Received",
  "SUBSCRIPTION_MENU",
  "Saturday",
  "Subscribe",
  "Sunday",
  "Thursday",
  "Tuesday",
  "Waiting_confirm",
  "Wednesday",
  "address.edit_success",
  "address.permission_location",
  "address.pick_location",
  "address.please_pick_your_address",
  "address.search",
  "auth.ID",
  "auth.add_address",
  "auth.add_new_address",
  "auth.address",
  "auth.address_here",
  "auth.city",
  "auth.confirm",
  "auth.confirm_password",
  "auth.current_version",
  "auth.district",
  "auth.email",
  "auth.email_and_password_null",
  "auth.error",
  "auth.error_confirm",
  "auth.error_occurred",
  "auth.firstname",
  "auth.forgot_password",
  "auth.friend",
  "auth.fullname",
  "auth.gender",
  "auth.lastname",
  "auth.login",
  "auth.login_with",
  "auth.logout",
  "auth.lower_version",
  "auth.mail",
  "auth.missing_address",
  "auth.missing_city",
  "auth.missing_district",
  "auth.missing_email",
  "auth.missing_email_otp",
  "auth.missing_gender",
  "auth.missing_id",
  "auth.missing_login",
  "auth.missing_name",
  "auth.missing_otp",
  "auth.missing_password",
  "auth.missing_phone",
  "auth.missing_re_password",
  "auth.next",
  "auth.no_account",
  "auth.no_address",
  "auth.or",
  "auth.otp",
  "auth.password",
  "auth.phone",
  "auth.ref_code",
  "auth.register_success",
  "auth.remove_account",
  "auth.repassword",
  "auth.send_otp",
  "auth.sign_in",
  "auth.sign_up",
  "auth.sponsor",
  "auth.token_expired",
  "auth.update_version",
  "auth.validate",
  "auth.validate_email",
  "auth.validate_email_otp",
  "auth.validate_full_name",
  "auth.validate_password",
  "auth.validate_phone",
  "auth.validate_re_password",
  "confirmed",
  "home.activities",
  "home.activities_empty",
  "home.add",
  "home.add_card_success",
  "home.add_new_card",
  "home.address",
  "home.age",
  "home.age_patient",
  "home.agree",
  "home.apartment",
  "home.apply",
  "home.apply_point",
  "home.apply_promotion",
  "home.auto_renew",
  "home.auto_renew_subscription",
  "home.back",
  "home.back_to_home",
  "home.benefits",
  "home.booking_cancel",
  "home.booking_date",
  "home.booking_detail",
  "home.camera",
  "home.cancel",
  "home.cancel_subscription",
  "home.card_empty",
  "home.cash",
  "home.choose_language",
  "home.close",
  "home.code",
  "home.coming_soon",
  "home.condo",
  "home.confirm_delete",
  "home.confirm_delete_card",
  "home.confirm_payment",
  "home.contact_staff",
  "home.copy",
  "home.copy_success",
  "home.credit_card",
  "home.current_plan",
  "home.data_empty",
  "home.date",
  "home.date_empty",
  "home.date_not_min",
  "home.day_in_week",
  "home.default",
  "home.delete",
  "home.delete_successfully",
  "home.description",
  "home.detail_history",
  "home.detail_notification",
  "home.detail_promotion",
  "home.done",
  "home.edit",
  "home.edit_profile",
  "home.edit_success",
  "home.eldercare",
  "home.end",
  "home.error_400",
  "home.extra_kids",
  "home.extra_pet",
  "home.extra_service",
  "home.favourite_service",
  "home.favourite_service_providers",
  "home.fexible_plan",
  "home.fifteen_or_less",
  "home.fix_plan",
  "home.fortyFive_or_less",
  "home.fortyFive_or_more",
  "home.four_weeks",
  "home.frequent_activities",
  "home.frequent_activity",
  "home.gold",
  "home.guarantee_if_not_satisfy",
  "home.history",
  "home.hour_left",
  "home.house",
  "home.how_many_bathroom",
  "home.how_many_bedroom",
  "home.how_many_hour",
  "home.i_have_read_agreement",
  "home.image_library",
  "home.included_transportation_cost",
  "home.list_friends",
  "home.login_by",
  "home.maid",
  "home.month",
  "home.monthly",
  "home.name",
  "home.nanny",
  "home.need_service",
  "home.no",
  "home.not_subcribed",
  "home.notification",
  "home.notification_empty",
  "home.number_kids",
  "home.number_pet",
  "home.ok",
  "home.option",
  "home.patient_age",
  "home.payment",
  "home.payment_method",
  "home.permission_camera",
  "home.pet_profile",
  "home.petcare_empty",
  "home.phone_no",
  "home.pick_service_date",
  "home.platinum",
  "home.please_select_hour",
  "home.please_wait",
  "home.point",
  "home.point_empty",
  "home.point_not_enough",
  "home.point_validate",
  "home.points",
  "home.prefer_language",
  "home.prefer_to_friend",
  "home.price_per_hour",
  "home.promotion",
  "home.promotion_empty",
  "home.re_order",
  "home.reason",
  "home.reason_cancel",
  "home.reason_canceled",
  "home.remarks",
  "home.repeat",
  "home.request_when_needed",
  "home.review",
  "home.review_service",
  "home.reward_point",
  "home.room_no",
  "home.save",
  "home.search_helper",
  "home.select_age",
  "home.select_card",
  "home.select_date_time",
  "home.select_helper",
  "home.select_home_type",
  "home.select_your_helper",
  "home.selected",
  "home.send_review_successfully",
  "home.service",
  "home.service_detail",
  "home.service_name",
  "home.services",
  "home.services_done",
  "home.silver",
  "home.special_request",
  "home.special_task",
  "home.specify_helper",
  "home.start",
  "home.start_time",
  "home.status",
  "home.submit_cancel",
  "home.subscription_plan",
  "home.subscription_price",
  "home.success",
  "home.suggest_for_you",
  "home.text_desc_supscription_price",
  "home.thank_you",
  "home.thirty_or_less",
  "home.time_slot",
  "home.times",
  "home.timesBook",
  "home.total",
  "home.total_hour",
  "home.total_price",
  "home.type",
  "home.undo",
  "home.upcoming",
  "home.update",
  "home.update_avata",
  "home.update_profile",
  "home.update_successfully",
  "home.updates_promotions",
  "home.upgrade_to",
  "home.validate_address",
  "home.validate_phone",
  "home.validate_position",
  "home.view_all",
  "home.view_detail",
  "home.voucher_code",
  "home.voucher_empty",
  "home.voucher_not_support",
  "home.weekly",
  "home.when",
  "home.year_old",
  "home.yes",
  "home.you_earn",
  "home.you_received",
  "home.you_will_receive",
  "home.your_helper",
  "plan.back_to_home",
  "plan.day_in_week",
  "plan.how_many_hour",
  "plan.time_slot",
  "plan.total",
  "plan.total_vat",
  "plan.valid_times",
]
`;
